root://glast-rdr.slac.stanford.edu//glast/Data/Flight/Level1/LPA/prod/5.9/digi/r0729383941_v001_digi.root
root://glast-rdr.slac.stanford.edu//glast/Data/Flight/Level1/LPA/prod/5.9/digi/r0729389629_v001_digi.root
root://glast-rdr.slac.stanford.edu//glast/Data/Flight/Level1/LPA/prod/5.9/digi/r0729395318_v000_digi.root
root://glast-rdr.slac.stanford.edu//glast/Data/Flight/Level1/LPA/prod/5.9/digi/r0729401006_v001_digi.root
root://glast-rdr.slac.stanford.edu//glast/Data/Flight/Level1/LPA/prod/5.9/digi/r0729404665_v000_digi.root
root://glast-rdr.slac.stanford.edu//glast/Data/Flight/Level1/LPA/prod/5.9/recon/r0729383941_v000_recon.root
root://glast-rdr.slac.stanford.edu//glast/Data/Flight/Level1/LPA/prod/5.9/recon/r0729389629_v000_recon.root
root://glast-rdr.slac.stanford.edu//glast/Data/Flight/Level1/LPA/prod/5.9/recon/r0729395318_v000_recon.root
root://glast-rdr.slac.stanford.edu//glast/Data/Flight/Level1/LPA/prod/5.9/recon/r0729401006_v000_recon.root
root://glast-rdr.slac.stanford.edu//glast/Data/Flight/Level1/LPA/prod/5.9/recon/r0729404665_v000_recon.root
